../Core/Inc/dwt_stm32_delay.h:25:22:DWT_Delay_us	24	static
../Core/Src/main.c:67:10:Read_sensor	16	static
../Core/Src/main.c:115:7:ekran	16	static
../Core/Src/main.c:86:5:main	16	static
../Core/Src/main.c:123:7:buzzer	24	static
../Core/Src/main.c:192:6:SystemClock_Config	88	static
../Core/Src/main.c:239:13:MX_I2C1_Init	8	static
../Core/Src/main.c:273:13:MX_USART2_UART_Init	8	static
../Core/Src/main.c:306:13:MX_GPIO_Init	48	static
../Core/Src/main.c:361:6:Error_Handler	4	static,ignoring_inline_asm
